// Jest Snapshot v1, https://goo.gl/fbAQLP

exports[`Component/TodoList should match snapshot 1`] = `
<div>
  <ul>
    <li
      class="flex-row-center gap-sm"
    >
      <span>
        todo
      </span>
      <h2>
        test1
      </h2>
      <button
        aria-label="삭제"
      >
        X
      </button>
    </li>
    <li
      class="flex-row-center gap-sm"
    >
      <span>
        todo
      </span>
      <h2>
        test2
      </h2>
      <button
        aria-label="삭제"
      >
        X
      </button>
    </li>
    <li
      class="flex-row-center gap-sm"
    >
      <span>
        todo
      </span>
      <h2>
        test3
      </h2>
      <button
        aria-label="삭제"
      >
        X
      </button>
    </li>
    <li
      class="flex-row-center gap-sm"
    >
      <span>
        todo
      </span>
      <h2>
        test4
      </h2>
      <button
        aria-label="삭제"
      >
        X
      </button>
    </li>
    <li
      class="flex-row-center gap-sm"
    >
      <span>
        todo
      </span>
      <h2>
        test5
      </h2>
      <button
        aria-label="삭제"
      >
        X
      </button>
    </li>
    <li
      class="flex-row-center gap-sm"
    >
      <span>
        todo
      </span>
      <h2>
        test6
      </h2>
      <button
        aria-label="삭제"
      >
        X
      </button>
    </li>
  </ul>
</div>
`;
